Ö´j5
ï¿½ESP-ROM:esp32s3-20210327
Build:Mar 27 2021
rst:0x1 (POWERON),boot:0x8 (SPI_FAST_FLASH_BOOT)
SPIWP:0xee
mode:DIO, clock div:1
load:0x3fce3818,len:0x1758
load:0x403c9700,len:0x4
load:0x403c9704,len:0xc00
load:0x403cc700,len:0x2e04
entry 0x403c9908
[0;32mI (27) boot: ESP-IDF v5.1.2-dirty 2nd stage bootloader[0m
[0;32mI (27) boot: compile time Dec 28 2023 15:56:46[0m
[0;32mI (27) boot: Multicore bootloader[0m
[0;32mI (30) boot: chip revision: v0.1[0m
[0;32mI (34) boot.esp32s3: Boot SPI Speed : 80MHz[0m
[0;32mI (39) boot.esp32s3: SPI Mode       : DIO[0m
[0;32mI (44) boot.esp32s3: SPI Flash Size : 2MB[0m
[0;32mI (48) boot: Enabling RNG early entropy source...[0m
[0;32mI (54) boot: Partition Table:[0m
[0;32mI (57) boot: ## Label            Usage          Type ST Offset   Length[0m
[0;32mI (65) boot:  0 nvs              WiFi data        01 02 00009000 00006000[0m
[0;32mI (72) boot:  1 phy_init         RF data          01 01 0000f000 00001000[0m
[0;32mI (80) boot:  2 factory          factory app      00 00 00010000 00100000[0m
[0;32mI (87) boot: End of partition table[0m
[0;32mI (91) esp_image: segment 0: paddr=00010020 vaddr=3c020020 size=0a690h ( 42640) map[0m
[0;32mI (107) esp_image: segment 1: paddr=0001a6b8 vaddr=3fc91800 size=028ach ( 10412) load[0m
[0;32mI (110) esp_image: segment 2: paddr=0001cf6c vaddr=40374000 size=030ach ( 12460) load[0m
[0;32mI (119) esp_image: segment 3: paddr=00020020 vaddr=42000020 size=191bch (102844) map[0m
[0;32mI (144) esp_image: segment 4: paddr=000391e4 vaddr=403770ac size=0a6f8h ( 42744) load[0m
[0;32mI (159) boot: Loaded app from partition at offset 0x10000[0m
[0;32mI (159) boot: Disabling RNG early entropy source...[0m
[0;32mI (170) cpu_start: Multicore app[0m
[0;32mI (171) cpu_start: Pro cpu up.[0m
[0;32mI (171) cpu_start: Starting app cpu, entry point is 0x403752a0[0m
[0;32mI (0) cpu_start: App cpu up.[0m
[0;32mI (189) cpu_start: Pro cpu start user code[0m
[0;32mI (189) cpu_start: cpu freq: 160000000 Hz[0m
[0;32mI (189) cpu_start: Application information:[0m
[0;32mI (192) cpu_start: Project name:     ESP32S3_test_touch_v2[0m
[0;32mI (198) cpu_start: App version:      1[0m
[0;32mI (203) cpu_start: Compile time:     Dec 28 2023 15:56:40[0m
[0;32mI (209) cpu_start: ELF file SHA256:  1edfb174c2407df8...[0m
[0;32mI (215) cpu_start: ESP-IDF:          v5.1.2-dirty[0m
[0;32mI (220) cpu_start: Min chip rev:     v0.0[0m
[0;32mI (225) cpu_start: Max chip rev:     v0.99 [0m
[0;32mI (230) cpu_start: Chip rev:         v0.1[0m
[0;32mI (234) heap_init: Initializing. RAM available for dynamic allocation:[0m
[0;32mI (242) heap_init: At 3FC94910 len 00054E00 (339 KiB): DRAM[0m
[0;32mI (248) heap_init: At 3FCE9710 len 00005724 (21 KiB): STACK/DRAM[0m
[0;32mI (254) heap_init: At 3FCF0000 len 00008000 (32 KiB): DRAM[0m
[0;32mI (261) heap_init: At 600FE010 len 00001FD8 (7 KiB): RTCRAM[0m
[0;32mI (268) spi_flash: detected chip: generic[0m
[0;32mI (272) spi_flash: flash io: dio[0m
[0;33mW (276) spi_flash: Detected size(4096k) larger than the size in the binary image header(2048k). Using the size in the binary image header.[0m
[0;32mI (289) sleep: Configure to isolate all GPIO pins in sleep state[0m
[0;32mI (296) sleep: Enable automatic switching of GPIO sleep configuration[0m
[0;32mI (303) app_start: Starting scheduler on CPU0[0m
[0;32mI (308) app_start: Starting scheduler on CPU1[0m
[0;32mI (308) main_task: Started on CPU0[0m
[0;32mI (318) main_task: Calling app_main()[0m
[0;32mI (318) Touch pad: Initializing touch pad[0m
[0;32mI (328) Touch pad: Denoise function init[0m
[0;32mI (328) Touch pad: touch pad filter init[0m
[0;32mI (338) main_task: Returned from app_main()[0m
[0;32mI (388) Touch pad: touch pad [14] base 40810, thresh 204[0m
[0;32mI (388) Touch pad: touch pad [2] base 35506, thresh 177[0m
[0;32mI (388) Touch pad: touch pad [13] base 41335, thresh 206[0m
[0;32mI (388) Touch pad: touch pad [5] base 32646, thresh 163[0m
40819,35516,41333,32648,
40823,35511,41355,32662,
40824,35514,41333,32650,
40843,35517,41364,32654,
40819,35500,41353,32651,
40817,35524,41337,32662,
40852,35510,41346,32650,
40835,35529,41349,32635,
40817,35549,41340,32650,
[0;32mI (2228) Touch pad: TouchSensor [2] be activated, status mask 0x4[0m
40825,35890,41339,32655,
[0;32mI (2418) Touch pad: TouchSensor [2] be inactivated, status mask 0x0[0m
40823,35554,41336,32648,
40834,35590,41329,32634,
40809,35703,41343,32646,
40821,35713,41344,32634,
40819,35786,41354,32652,
[0;32mI (3318) Touch pad: TouchSensor [2] be activated, status mask 0x4[0m
40849,35989,41353,32636,
40835,36055,41354,32671,
[0;32mI (3788) Touch pad: TouchSensor [2] be inactivated, status mask 0x0[0m
40842,35687,41351,32654,
40826,35600,41336,32640,
40842,35590,41331,32633,
40822,35603,41340,32634,
[0;32mI (4498) Touch pad: TouchSensor [2] be activated, status mask 0x4[0m
40823,44949,41358,32668,
40821,35769,41346,32642,
[0;32mI (4848) Touch pad: TouchSensor [2] be inactivated, status mask 0x0[0m
40817,35686,41315,32646,
[0;32mI (5148) Touch pad: TouchSensor [2] be activated, status mask 0x4[0m
40817,39251,41321,32635,
[0;32mI (5428) Touch pad: TouchSensor [2] be inactivated, status mask 0x0[0m
40797,35835,41336,32647,
[0;32mI (5568) Touch pad: TouchSensor [2] be activated, status mask 0x4[0m
40817,37350,41337,32645,
[0;32mI (5788) Touch pad: TouchSensor [2] be inactivated, status mask 0x0[0m
40795,35523,41337,32648,
40824,35526,41343,32645,
40811,35506,41339,32640,
40832,35536,41338,32641,
40833,35512,41343,32648,
40824,35521,41338,32659,
40823,35528,41345,32660,
40825,35513,41362,32665,
40824,35518,41352,32641,
40831,35543,41349,32646,
40830,35509,41344,32650,
40801,35486,41331,32629,
40819,35484,41330,32627,
40825,35490,41350,32647,
40817,35502,41343,32628,
40809,35499,41336,32630,
40815,35492,41318,32641,
40823,35514,41336,32647,
40804,35513,41336,32645,
40813,35480,41336,32646,
40826,35504,41348,32645,
40836,35496,41347,32646,
40823,35501,41342,32646,
40823,35499,41346,32646,
40819,35489,41334,32630,
40813,35480,41331,32627,
40832,35498,41342,32642,
40812,35501,41334,32621,
40813,35498,41326,32624,
40831,35506,41320,32625,
40809,35501,41322,32645,
40817,35515,41325,32642,
40829,35507,41343,32648,
40816,35502,41336,32626,
40797,35505,41322,32641,
40798,35515,41342,32644,
40797,35492,41327,32640,
40813,35500,41321,32622,
40818,35504,41326,32627,
40799,35514,41335,32641,
40819,35514,41338,32640,
40822,35507,41341,32647,
40819,35509,41363,32664,
40823,35511,41340,32639,
40819,35514,41336,32639,
40818,35495,41332,32635,
40838,35488,41354,32645,
40825,35507,41349,32642,
40824,35491,41336,32632,
40824,35508,41351,32641,
40823,35503,41342,32645,
40821,35495,41334,32626,
40819,35506,41327,32622,
40833,35499,41326,32646,
40820,35514,41342,32643,
40814,35520,41342,32640,
40816,35528,41342,32646,
40818,35507,41338,32641,
40824,35503,41342,32647,
40812,35503,41338,32628,
40797,35489,41331,32638,
40818,35508,41319,32643,
40825,35516,41337,32645,
40819,35484,41334,32629,
40816,35493,41329,32619,
40828,35498,41341,32645,
40827,35494,41325,32626,
40818,35509,41358,32645,
40832,35512,41356,32647,
40826,35517,41361,32657,
40800,35496,41343,32641,
40816,35507,41341,32638,
40823,35509,41349,32647,
40821,35516,41363,32661,
40832,35510,41349,32645,
40819,35491,41345,32645,
40825,35518,41346,32646,
40821,35506,41363,32660,
40827,35514,41358,32646,
40820,35514,41346,32646,
40820,35516,41354,32643,
40819,35504,41356,32651,
40818,35498,41332,32627,
40818,35492,41335,32645,
40835,35513,41328,32646,
40827,35499,41327,32644,
40824,35518,41338,32644,
40799,35499,41315,32622,
40817,35510,41342,32648,
40827,35503,41342,32648,
40829,35502,41345,32642,
40824,35500,41341,32644,
40826,35514,41345,32651,
40821,35516,41349,32661,
40826,35518,41359,32661,
40820,35509,41366,32646,
40847,35514,41343,32653,
40829,35509,41341,32647,
40825,35491,41350,32647,
40821,35507,41364,32664,
40825,35511,41339,32640,
40823,35494,41341,32638,
40817,35493,41339,32636,
40818,35508,41337,32644,
40814,35487,41331,32622,
40819,35502,41320,32623,
40820,35499,41333,32640,
40818,35500,41319,32626,
40810,35491,41328,32641,
40824,35498,41326,32623,
40808,35513,41343,32645,
40825,35516,41340,32644,
40843,35506,41354,32629,
40842,35502,41353,32641,
40816,35519,41320,32645,
40843,35498,41332,32641,
40827,35492,41335,32646,
40827,35509,41360,32647,
40822,35510,41343,32626,
40822,35511,41339,32630,
40831,35519,41342,32638,
40842,35514,41350,32648,
40798,35509,41340,32641,
40813,35490,41336,32637,
40816,35511,41337,32661,
40835,35501,41333,32626,
40814,35518,41341,32639,
40830,35502,41320,32620,
40797,35493,41335,32642,
40799,35483,41331,32625,
40815,35498,41333,32624,
40821,35510,41338,32639,
40810,35485,41342,32641,
40825,35507,41345,32646,
40817,35500,41332,32648,
40823,35510,41338,32642,
40823,35516,41342,32637,
40822,35507,41342,32643,
40822,35514,41345,32645,
40819,35508,41350,32647,
40834,35511,41350,32637,
40830,35521,41351,32641,
40830,35513,41325,32644,
40817,35517,41341,32646,
40821,35509,41344,32640,
40824,35498,41363,32665,
40823,35513,41350,32645,
40823,35498,41353,32648,
40821,35523,41339,32647,
40825,35508,41342,32649,
40818,35482,41351,32629,
40822,35498,41342,32624,
40822,35505,41338,32656,
40798,35485,41336,32643,
40819,35501,41338,32625,
40805,35510,41323,32621,
40822,35505,41337,32639,
40816,35509,41341,32644,
40822,35506,41350,32640,
40803,35497,41316,32625,
40804,35513,41342,32663,
40826,35520,41361,32662,
40826,35514,41363,32645,
40818,35509,41358,32645,
40823,35509,41362,32669,
40824,35514,41358,32645,
40844,35508,41354,32664,
40850,35529,41368,32664,
40848,35531,41368,32686,
40846,35523,41348,32662,
40821,35509,41340,32646,
40827,35509,41340,32647,
40820,35502,41338,32644,
40819,35523,41314,32649,
40832,35503,41336,32662,
40824,35510,41317,32649,
40822,35503,41360,32640,
40839,35506,41342,32643,
40832,35499,41349,32645,
40817,35493,41339,32645,
40820,35512,41358,32645,
40814,35520,41355,32656,
40820,35512,41344,32645,
40835,35489,41345,32641,
40831,35502,41337,32646,
40812,35492,41331,32640,
40817,35502,41330,32627,
40815,35499,41344,32642,
